// Jest Snapshot v1, https://goo.gl/fbAQLP

exports[`matches its snapshot 1`] = `
<DocumentFragment>
  <div>
    Hello from React!
  </div>
</DocumentFragment>
`;
